[2026-10-09 04:11:16,170] LAPTOP-FO4PP4GD/INFO/locust.main: Starting Locust 2.46.7
[2026-10-09 04:11:16,182] LAPTOP-FO4PP4GD/INFO/locust.main: Run time limit set to 780 seconds
[2026-10-09 04:11:16,182] LAPTOP-FO4PP4GD/INFO/locust.runners: Ramping to 100 users at a rate of 1.67 per second
[2026-10-09 04:12:15,783] LAPTOP-FO4PP4GD/INFO/locust.runners: All users spawned: {"Orders": 100} (100 total users)
[2026-10-09 04:24:15,403] LAPTOP-FO4PP4GD/INFO/locust.main: --run-time limit reached, shutting down
[2026-10-09 04:24:16,175] LAPTOP-FO4PP4GD/INFO/locust.main: Shutting down (exit code 0)
Type     Name                                                                          # reqs      # fails |    Avg     Min     Max    Med |   req/s  failures/s
--------|----------------------------------------------------------------------------|-------|-------------|-------|-------|-------|-------|--------|-----------
POST     ramp/POST pedidos                                                               6234     0(0.00%) |    485       9    1978    470 |    7.99        0.00
POST     setup/login                                                                      100     0(0.00%) |    394      82     905    390 |    0.13        0.00
POST     stable/POST pedidos                                                            55414     0(0.00%) |   1080     230    4609    950 |   71.05        0.00
POST     warm/POST pedidos                                                              12567     0(0.00%) |    953     467    2265    910 |   16.11        0.00
--------|----------------------------------------------------------------------------|-------|-------------|-------|-------|-------|-------|--------|-----------
         Aggregated                                                                     74315     0(0.00%) |   1008       9    4609    920 |   95.29        0.00

Response time percentiles (approximated)
Type     Name                                                                                  50%    66%    75%    80%    90%    95%    98%    99%  99.9% 99.99%   100% # reqs
--------|--------------------------------------------------------------------------------|--------|------|------|------|------|------|------|------|------|------|------|------
POST     ramp/POST pedidos                                                                     470    590    710    780    910   1000   1200   1300   1500   2000   2000   6234
POST     setup/login                                                                           390    460    530    550    630    740    840    910    910    910    910    100
POST     stable/POST pedidos                                                                   950   1100   1200   1300   1500   1800   2600   3100   3800   4300   4600  55414
POST     warm/POST pedidos                                                                     910    980   1000   1100   1200   1300   1500   1600   2100   2200   2300  12567
--------|--------------------------------------------------------------------------------|--------|------|------|------|------|------|------|------|------|------|------|------
         Aggregated                                                                            920   1000   1100   1200   1400   1700   2200   2900   3800   4200   4600  74315

