[2026-10-09 11:25:14,119] LAPTOP-FO4PP4GD/INFO/locust.main: Starting Locust 2.46.7
[2026-10-09 11:25:14,122] LAPTOP-FO4PP4GD/INFO/locust.main: Run time limit set to 781 seconds
[2026-10-09 11:25:14,123] LAPTOP-FO4PP4GD/INFO/locust.runners: Ramping to 100 users at a rate of 1.67 per second
[2026-10-09 11:26:13,831] LAPTOP-FO4PP4GD/INFO/locust.runners: All users spawned: {"Orders": 100} (100 total users)
[2026-10-09 11:38:13,922] LAPTOP-FO4PP4GD/INFO/locust.main: --run-time limit reached, shutting down
[2026-10-09 11:38:14,439] LAPTOP-FO4PP4GD/INFO/locust.main: Shutting down (exit code 0)
Type     Name                                                                          # reqs      # fails |    Avg     Min     Max    Med |   req/s  failures/s
--------|----------------------------------------------------------------------------|-------|-------------|-------|-------|-------|-------|--------|-----------
POST     ramp/POST pedidos                                                               6982     0(0.00%) |    430       9     969    490 |    8.95        0.00
POST     setup/login                                                                      100     0(0.00%) |    327      75     639    340 |    0.13        0.00
POST     stable/POST pedidos                                                            77989     0(0.00%) |    768     403    2413    710 |   99.96        0.00
POST     warm/POST pedidos                                                              15392     0(0.00%) |    780     517    1195    780 |   19.73        0.00
--------|----------------------------------------------------------------------------|-------|-------------|-------|-------|-------|-------|--------|-----------
         Aggregated                                                                    100463     0(0.00%) |    746       9    2413    710 |  128.76        0.00

Response time percentiles (approximated)
Type     Name                                                                                  50%    66%    75%    80%    90%    95%    98%    99%  99.9% 99.99%   100% # reqs
--------|--------------------------------------------------------------------------------|--------|------|------|------|------|------|------|------|------|------|------|------
POST     ramp/POST pedidos                                                                     490    560    590    610    660    700    740    770    840    970    970   6982
POST     setup/login                                                                           340    390    420    430    470    520    550    640    640    640    640    100
POST     stable/POST pedidos                                                                   710    770    820    840    920   1100   1500   1600   2100   2400   2400  77989
POST     warm/POST pedidos                                                                     780    820    850    860    900    940    990   1000   1100   1100   1200  15392
--------|--------------------------------------------------------------------------------|--------|------|------|------|------|------|------|------|------|------|------|------
         Aggregated                                                                            710    770    820    840    910   1000   1500   1600   2100   2300   2400 100463

