[2026-10-09 11:10:40,783] LAPTOP-FO4PP4GD/INFO/locust.main: Starting Locust 2.46.7
[2026-10-09 11:10:40,784] LAPTOP-FO4PP4GD/INFO/locust.main: Run time limit set to 780 seconds
[2026-10-09 11:10:40,786] LAPTOP-FO4PP4GD/INFO/locust.runners: Ramping to 100 users at a rate of 1.67 per second
[2026-10-09 11:11:40,349] LAPTOP-FO4PP4GD/INFO/locust.runners: All users spawned: {"Orders": 100} (100 total users)
[2026-10-09 11:23:40,126] LAPTOP-FO4PP4GD/INFO/locust.main: --run-time limit reached, shutting down
[2026-10-09 11:23:40,737] LAPTOP-FO4PP4GD/INFO/locust.main: Shutting down (exit code 0)
Type     Name                                                                          # reqs      # fails |    Avg     Min     Max    Med |   req/s  failures/s
--------|----------------------------------------------------------------------------|-------|-------------|-------|-------|-------|-------|--------|-----------
POST     ramp/POST pedidos                                                               6266     0(0.00%) |    479       8    1449    450 |    8.04        0.00
POST     setup/login                                                                      100     0(0.00%) |    396      62     861    370 |    0.13        0.00
POST     stable/POST pedidos                                                            70395     0(0.00%) |    850     455    2521    810 |   90.28        0.00
POST     warm/POST pedidos                                                              10013     0(0.00%) |   1200     450    2546   1000 |   12.84        0.00
--------|----------------------------------------------------------------------------|-------|-------------|-------|-------|-------|-------|--------|-----------
         Aggregated                                                                     86774     0(0.00%) |    863       8    2546    810 |  111.28        0.00

Response time percentiles (approximated)
Type     Name                                                                                  50%    66%    75%    80%    90%    95%    98%    99%  99.9% 99.99%   100% # reqs
--------|--------------------------------------------------------------------------------|--------|------|------|------|------|------|------|------|------|------|------|------
POST     ramp/POST pedidos                                                                     450    590    800    870   1000   1100   1200   1200   1300   1400   1400   6266
POST     setup/login                                                                           370    490    570    630    710    770    850    860    860    860    860    100
POST     stable/POST pedidos                                                                   810    870    910    930   1000   1200   1600   1800   2200   2300   2500  70395
POST     warm/POST pedidos                                                                    1000   1300   1700   1800   1900   2000   2200   2200   2300   2400   2500  10013
--------|--------------------------------------------------------------------------------|--------|------|------|------|------|------|------|------|------|------|------|------
         Aggregated                                                                            810    880    930    970   1100   1600   1900   2000   2200   2300   2500  86774

