[2026-10-09 04:05:58,036] LAPTOP-FO4PP4GD/INFO/locust.main: Starting Locust 2.46.7
[2026-10-09 04:05:58,046] LAPTOP-FO4PP4GD/INFO/locust.main: Run time limit set to 75 seconds
[2026-10-09 04:05:58,048] LAPTOP-FO4PP4GD/INFO/locust.runners: Ramping to 100 users at a rate of 1.67 per second
[2026-10-09 04:06:57,720] LAPTOP-FO4PP4GD/INFO/locust.runners: All users spawned: {"Orders": 100} (100 total users)
[2026-10-09 04:07:12,510] LAPTOP-FO4PP4GD/INFO/locust.main: --run-time limit reached, shutting down
[2026-10-09 04:07:13,300] LAPTOP-FO4PP4GD/INFO/locust.main: Shutting down (exit code 0)
Type     Name                                                                          # reqs      # fails |    Avg     Min     Max    Med |   req/s  failures/s
--------|----------------------------------------------------------------------------|-------|-------------|-------|-------|-------|-------|--------|-----------
POST     ramp/POST pedidos                                                               5580     0(0.00%) |    567       7    3678    560 |   74.23        0.00
POST     setup/login                                                                      100     0(0.00%) |    449      88    3059    410 |    1.33        0.00
POST     stable/POST pedidos                                                             1010     0(0.00%) |    947     503    2221    890 |   13.44        0.00
POST     warm/POST pedidos                                                                247     0(0.00%) |   1365     611    3068   1100 |    3.29        0.00
--------|----------------------------------------------------------------------------|-------|-------------|-------|-------|-------|-------|--------|-----------
         Aggregated                                                                      6937     0(0.00%) |    649       7    3678    610 |   92.28        0.00

Response time percentiles (approximated)
Type     Name                                                                                  50%    66%    75%    80%    90%    95%    98%    99%  99.9% 99.99%   100% # reqs
--------|--------------------------------------------------------------------------------|--------|------|------|------|------|------|------|------|------|------|------|------
POST     ramp/POST pedidos                                                                     560    650    720    770    930   1400   1700   3000   3400   3700   3700   5580
POST     setup/login                                                                           410    470    530    560    670    980   2400   3100   3100   3100   3100    100
POST     stable/POST pedidos                                                                   890   1000   1200   1300   1300   1400   1400   1500   2200   2200   2200   1010
POST     warm/POST pedidos                                                                    1100   1600   1700   1700   2200   2700   3000   3000   3100   3100   3100    247
--------|--------------------------------------------------------------------------------|--------|------|------|------|------|------|------|------|------|------|------|------
         Aggregated                                                                            610    720    830    890   1200   1400   1900   2900   3400   3700   3700   6937

