[2026-10-09 04:24:27,427] LAPTOP-FO4PP4GD/INFO/locust.main: Starting Locust 2.46.7
[2026-10-09 04:24:27,437] LAPTOP-FO4PP4GD/INFO/locust.main: Run time limit set to 780 seconds
[2026-10-09 04:24:27,439] LAPTOP-FO4PP4GD/INFO/locust.runners: Ramping to 100 users at a rate of 1.67 per second
[2026-10-09 04:25:27,011] LAPTOP-FO4PP4GD/INFO/locust.runners: All users spawned: {"Orders": 100} (100 total users)
[2026-10-09 11:10:25,637] LAPTOP-FO4PP4GD/INFO/locust.main: --run-time limit reached, shutting down
[2026-10-09 11:10:26,746] LAPTOP-FO4PP4GD/INFO/locust.main: Shutting down (exit code 0)
Type     Name                                                                          # reqs      # fails |    Avg     Min     Max    Med |   req/s  failures/s
--------|----------------------------------------------------------------------------|-------|-------------|-------|-------|-------|-------|--------|-----------
POST     ramp/POST pedidos                                                               6686     0(0.00%) |    453       6    1408    480 |    0.27        0.00
POST     setup/login                                                                      100     0(0.00%) |    360      74     939    390 |    0.00        0.00
POST     stable/POST pedidos                                                              100 100(100.00%) |    614     449     760    570 |    0.00        0.00
POST     warm/POST pedidos                                                               8895     0(0.00%) |    947     479    3503    920 |    0.37        0.00
--------|----------------------------------------------------------------------------|-------|-------------|-------|-------|-------|-------|--------|-----------
         Aggregated                                                                     15781   100(0.63%) |    732       6    3503    790 |    0.65        0.00

Response time percentiles (approximated)
Type     Name                                                                                  50%    66%    75%    80%    90%    95%    98%    99%  99.9% 99.99%   100% # reqs
--------|--------------------------------------------------------------------------------|--------|------|------|------|------|------|------|------|------|------|------|------
POST     ramp/POST pedidos                                                                     480    610    670    710    790    870    990   1100   1300   1400   1400   6686
POST     setup/login                                                                           390    440    460    480    540    590    780    940    940    940    940    100
POST     stable/POST pedidos                                                                   570    730    730    740    750    750    760    760    760    760    760    100
POST     warm/POST pedidos                                                                     920    990   1000   1100   1200   1300   1400   1500   3300   3500   3500   8895
--------|--------------------------------------------------------------------------------|--------|------|------|------|------|------|------|------|------|------|------|------
         Aggregated                                                                            790    890    950    990   1100   1200   1400   1400   2600   3500   3500  15781

Error report
# occurrences      Error                                                                                               
------------------|---------------------------------------------------------------------------------------------------------------------------------------------
100                POST stable/POST pedidos: Unexpected status/body or transport failure                               
------------------|---------------------------------------------------------------------------------------------------------------------------------------------

