[2026-10-09 04:07:35,740] LAPTOP-FO4PP4GD/INFO/locust.main: Starting Locust 2.46.7
[2026-10-09 04:07:35,750] LAPTOP-FO4PP4GD/INFO/locust.main: Run time limit set to 210 seconds
[2026-10-09 04:07:35,750] LAPTOP-FO4PP4GD/INFO/locust.runners: Ramping to 1 users at a rate of 1.00 per second
[2026-10-09 04:07:35,754] LAPTOP-FO4PP4GD/INFO/locust.runners: All users spawned: {"Orders": 1} (1 total users)
C:\Users\JOSE GAMER\Desktop\TALLER DE PROYECTOS 2\Trabajos\Semana 8 - 2\EcoLog-stica-Lima\.venv\Lib\site-packages\gevent\hub.py:161: UserWarning: libuv only supports millisecond timer resolution; all times less will be set to 1 ms
  with loop.timer(seconds, ref=ref) as t:
[2026-10-09 04:11:05,168] LAPTOP-FO4PP4GD/INFO/locust.main: --run-time limit reached, shutting down
[2026-10-09 04:11:05,330] LAPTOP-FO4PP4GD/INFO/locust.main: Shutting down (exit code 0)
Type     Name                                                                          # reqs      # fails |    Avg     Min     Max    Med |   req/s  failures/s
--------|----------------------------------------------------------------------------|-------|-------------|-------|-------|-------|-------|--------|-----------
POST     daily/POST pedidos                                                              1000     0(0.00%) |     14       7     101     12 |    5.65        0.00
POST     setup/login                                                                        1     0(0.00%) |    174     174     174    174 |    0.01        0.00
--------|----------------------------------------------------------------------------|-------|-------------|-------|-------|-------|-------|--------|-----------
         Aggregated                                                                      1001     0(0.00%) |     15       7     174     12 |    5.66        0.00

Response time percentiles (approximated)
Type     Name                                                                                  50%    66%    75%    80%    90%    95%    98%    99%  99.9% 99.99%   100% # reqs
--------|--------------------------------------------------------------------------------|--------|------|------|------|------|------|------|------|------|------|------|------
POST     daily/POST pedidos                                                                     12     14     18     19     21     24     34     61    100    100    100   1000
POST     setup/login                                                                           170    170    170    170    170    170    170    170    170    170    170      1
--------|--------------------------------------------------------------------------------|--------|------|------|------|------|------|------|------|------|------|------|------
         Aggregated                                                                             12     14     18     19     21     24     34     61    100    170    170   1001

